Vivado Simulator 2019.2
Time resolution is 1 ps
 Block Memory Generator module loading initial data...
 Block Memory Generator data initialization complete.
Block Memory Generator module MiniMIPS32_SYS_tb.SoC.inst_rom0.inst.native_mem_module.blk_mem_gen_v8_4_4_inst is using a behavioral model for simulation which will not precisely model memory collision behavior.
 Block Memory Generator module loading initial data...
 Block Memory Generator data initialization complete.
Block Memory Generator module MiniMIPS32_SYS_tb.SoC.data_rom0.inst.native_mem_module.blk_mem_gen_v8_4_4_inst is using a behavioral model for simulation which will not precisely model memory collision behavior.
--------------------------------------------------------------
[                 317]ns
reference: PC = 0xbfc00000, wb_rf_wnum = 0x08, wb_rf_wdata = 0x00000005
--------------------------------------------------------------
--------------------------------------------------------------
[                 337]ns
reference: PC = 0xbfc00004, wb_rf_wnum = 0x09, wb_rf_wdata = 0x00000005
--------------------------------------------------------------
--------------------------------------------------------------
[                 397]ns
reference: PC = 0xbfc00010, wb_rf_wnum = 0x0a, wb_rf_wdata = 0x00000000
--------------------------------------------------------------
--------------------------------------------------------------
[                 417]ns
reference: PC = 0xbfc00014, wb_rf_wnum = 0x01, wb_rf_wdata = 0x80000000
--------------------------------------------------------------
--------------------------------------------------------------
[                 497]ns
reference: PC = 0xbfc00024, wb_rf_wnum = 0x0a, wb_rf_wdata = 0x00000001
--------------------------------------------------------------
--------------------------------------------------------------
[                 517]ns
reference: PC = 0xbfc00028, wb_rf_wnum = 0x01, wb_rf_wdata = 0x80000000
--------------------------------------------------------------
$stop called at time : 2200 ns : File "E:/MiniMIPS32/CPU/MiniMIPS32.srcs/sim_1/new/MiniMIPS32_SYS_tb.v" Line 32
